2026/05/17 14:43:54 INFO database initialized path=/tmp/expedition-sim-2841882662/gogobee.db
2026/05/17 14:43:54 INFO dnd: armed ability fired (turn-based build) user=@sim:cleric-l12-underdark-0 ability="Healing Word"
2026/05/17 14:43:54 INFO dnd: armed ability fired (turn-based build) user=@sim:cleric-l12-underdark-0 ability="Healing Word"
2026/05/17 14:43:54 INFO dnd: armed ability fired (turn-based build) user=@sim:cleric-l12-underdark-0 ability="Healing Word"
2026/05/17 14:43:54 WARN auto-heal cleanup: short on inventory user=@sim:cleric-l12-underdark-0 wanted=1 removed=0
2026/05/17 14:43:54 WARN auto-heal cleanup: short on inventory user=@sim:cleric-l12-underdark-0 wanted=1 removed=0
2026/05/17 14:43:54 INFO database initialized path=/tmp/expedition-sim-225352482/gogobee.db
2026/05/17 14:43:54 INFO database initialized path=/tmp/expedition-sim-4205788393/gogobee.db
2026/05/17 14:43:54 INFO dnd: armed ability fired (turn-based build) user=@sim:cleric-l12-underdark-1 ability="Healing Word"
2026/05/17 14:43:54 INFO dnd: armed ability fired (turn-based build) user=@sim:cleric-l12-underdark-1 ability="Healing Word"
2026/05/17 14:43:54 INFO dnd: armed ability fired (turn-based build) user=@sim:cleric-l12-underdark-1 ability="Healing Word"
2026/05/17 14:43:54 WARN auto-heal cleanup: short on inventory user=@sim:cleric-l12-underdark-1 wanted=1 removed=0
2026/05/17 14:43:54 WARN auto-heal cleanup: short on inventory user=@sim:cleric-l12-underdark-1 wanted=1 removed=0
2026/05/17 14:43:54 WARN auto-heal cleanup: short on inventory user=@sim:cleric-l12-underdark-1 wanted=1 removed=0
2026/05/17 14:43:54 INFO database initialized path=/tmp/expedition-sim-1930907323/gogobee.db
2026/05/17 14:43:54 INFO database initialized path=/tmp/expedition-sim-2608712787/gogobee.db
2026/05/17 14:43:54 INFO database initialized path=/tmp/expedition-sim-1176694106/gogobee.db
2026/05/17 14:43:54 INFO dnd: armed ability fired (turn-based build) user=@sim:cleric-l12-manor_blackspire-0 ability="Healing Word"
2026/05/17 14:43:54 INFO dnd: armed ability fired (turn-based build) user=@sim:cleric-l12-manor_blackspire-0 ability="Healing Word"
2026/05/17 14:43:54 INFO dnd: armed ability fired (turn-based build) user=@sim:cleric-l12-manor_blackspire-0 ability="Healing Word"
2026/05/17 14:43:54 INFO database initialized path=/tmp/expedition-sim-2955343031/gogobee.db
2026/05/17 14:43:54 INFO dnd: armed ability fired (turn-based build) user=@sim:cleric-l12-underdark-2 ability="Healing Word"
2026/05/17 14:43:54 INFO dnd: armed ability fired (turn-based build) user=@sim:cleric-l12-underdark-2 ability="Healing Word"
2026/05/17 14:43:54 INFO dnd: armed ability fired (turn-based build) user=@sim:cleric-l12-underdark-2 ability="Healing Word"
2026/05/17 14:43:54 WARN auto-heal cleanup: short on inventory user=@sim:cleric-l12-underdark-2 wanted=1 removed=0
2026/05/17 14:43:54 WARN auto-heal cleanup: short on inventory user=@sim:cleric-l12-underdark-2 wanted=1 removed=0
2026/05/17 14:43:54 INFO database initialized path=/tmp/expedition-sim-4034633129/gogobee.db
2026/05/17 14:43:54 INFO database initialized path=/tmp/expedition-sim-2929207905/gogobee.db
2026/05/17 14:43:54 INFO database initialized path=/tmp/expedition-sim-2110260434/gogobee.db
2026/05/17 14:43:54 INFO database initialized path=/tmp/expedition-sim-2284107973/gogobee.db
2026/05/17 14:43:54 INFO database initialized path=/tmp/expedition-sim-412795061/gogobee.db
2026/05/17 14:43:54 INFO database initialized path=/tmp/expedition-sim-1173027611/gogobee.db
2026/05/17 14:43:54 INFO dnd: armed ability fired (turn-based build) user=@sim:cleric-l12-manor_blackspire-1 ability="Healing Word"
2026/05/17 14:43:54 INFO dnd: armed ability fired (turn-based build) user=@sim:cleric-l12-manor_blackspire-1 ability="Healing Word"
2026/05/17 14:43:54 INFO database initialized path=/tmp/expedition-sim-2445381708/gogobee.db
2026/05/17 14:43:54 INFO dnd: armed ability fired (turn-based build) user=@sim:cleric-l12-manor_blackspire-1 ability="Healing Word"
2026/05/17 14:43:54 INFO database initialized path=/tmp/expedition-sim-1821032632/gogobee.db
2026/05/17 14:43:54 INFO database initialized path=/tmp/expedition-sim-2786520320/gogobee.db
2026/05/17 14:43:54 INFO database initialized path=/tmp/expedition-sim-3005065205/gogobee.db
2026/05/17 14:43:55 INFO database initialized path=/tmp/expedition-sim-791965660/gogobee.db
2026/05/17 14:43:55 INFO database initialized path=/tmp/expedition-sim-2223320144/gogobee.db
2026/05/17 14:43:55 INFO database initialized path=/tmp/expedition-sim-60870279/gogobee.db
2026/05/17 14:43:55 INFO database initialized path=/tmp/expedition-sim-3836426391/gogobee.db
2026/05/17 14:43:55 INFO dnd: armed ability fired (turn-based build) user=@sim:cleric-l12-underdark-3 ability="Healing Word"
2026/05/17 14:43:55 INFO dnd: armed ability fired (turn-based build) user=@sim:cleric-l12-underdark-3 ability="Healing Word"
2026/05/17 14:43:55 INFO dnd: armed ability fired (turn-based build) user=@sim:cleric-l12-underdark-3 ability="Healing Word"
2026/05/17 14:43:55 WARN auto-heal cleanup: short on inventory user=@sim:cleric-l12-underdark-3 wanted=1 removed=0
2026/05/17 14:43:55 INFO database initialized path=/tmp/expedition-sim-3903226518/gogobee.db
2026/05/17 14:43:55 WARN auto-heal cleanup: short on inventory user=@sim:cleric-l12-underdark-3 wanted=1 removed=0
2026/05/17 14:43:55 INFO database initialized path=/tmp/expedition-sim-3424518245/gogobee.db
2026/05/17 14:43:55 INFO database initialized path=/tmp/expedition-sim-3911775726/gogobee.db
2026/05/17 14:43:55 INFO dnd: armed ability fired (turn-based build) user=@sim:cleric-l12-manor_blackspire-2 ability="Healing Word"
2026/05/17 14:43:55 INFO dnd: armed ability fired (turn-based build) user=@sim:cleric-l12-manor_blackspire-2 ability="Healing Word"
2026/05/17 14:43:55 INFO dnd: armed ability fired (turn-based build) user=@sim:cleric-l12-manor_blackspire-2 ability="Healing Word"
2026/05/17 14:43:55 INFO database initialized path=/tmp/expedition-sim-557009472/gogobee.db
2026/05/17 14:43:55 INFO database initialized path=/tmp/expedition-sim-891659795/gogobee.db
2026/05/17 14:43:55 INFO database initialized path=/tmp/expedition-sim-2790310577/gogobee.db
2026/05/17 14:43:55 INFO database initialized path=/tmp/expedition-sim-1893494180/gogobee.db
2026/05/17 14:43:55 INFO database initialized path=/tmp/expedition-sim-2599204073/gogobee.db
2026/05/17 14:43:55 INFO database initialized path=/tmp/expedition-sim-3107205757/gogobee.db
2026/05/17 14:43:55 INFO database initialized path=/tmp/expedition-sim-3202057156/gogobee.db
2026/05/17 14:43:55 INFO database initialized path=/tmp/expedition-sim-2588260230/gogobee.db
2026/05/17 14:43:55 INFO dnd: armed ability fired (turn-based build) user=@sim:cleric-l12-underdark-4 ability="Healing Word"
2026/05/17 14:43:55 INFO dnd: armed ability fired (turn-based build) user=@sim:cleric-l12-underdark-4 ability="Healing Word"
2026/05/17 14:43:55 INFO dnd: armed ability fired (turn-based build) user=@sim:cleric-l12-underdark-4 ability="Healing Word"
2026/05/17 14:43:55 WARN auto-heal cleanup: short on inventory user=@sim:cleric-l12-underdark-4 wanted=1 removed=0
2026/05/17 14:43:55 INFO database initialized path=/tmp/expedition-sim-173844620/gogobee.db
2026/05/17 14:43:55 INFO dnd: armed ability fired (turn-based build) user=@sim:cleric-l12-manor_blackspire-3 ability="Healing Word"
2026/05/17 14:43:55 INFO dnd: armed ability fired (turn-based build) user=@sim:cleric-l12-manor_blackspire-3 ability="Healing Word"
2026/05/17 14:43:55 INFO dnd: armed ability fired (turn-based build) user=@sim:cleric-l12-manor_blackspire-3 ability="Healing Word"
2026/05/17 14:43:55 INFO database initialized path=/tmp/expedition-sim-3411128379/gogobee.db
2026/05/17 14:43:55 INFO database initialized path=/tmp/expedition-sim-3548322566/gogobee.db
2026/05/17 14:43:55 INFO database initialized path=/tmp/expedition-sim-3088530070/gogobee.db
2026/05/17 14:43:55 INFO database initialized path=/tmp/expedition-sim-591597397/gogobee.db
2026/05/17 14:43:55 INFO database initialized path=/tmp/expedition-sim-2749783546/gogobee.db
2026/05/17 14:43:55 INFO database initialized path=/tmp/expedition-sim-2720689093/gogobee.db
2026/05/17 14:43:55 INFO database initialized path=/tmp/expedition-sim-1695224480/gogobee.db
2026/05/17 14:43:55 INFO database initialized path=/tmp/expedition-sim-957000268/gogobee.db
2026/05/17 14:43:55 INFO dnd: armed ability fired (turn-based build) user=@sim:cleric-l12-underdark-5 ability="Healing Word"
2026/05/17 14:43:55 INFO dnd: armed ability fired (turn-based build) user=@sim:cleric-l12-underdark-5 ability="Healing Word"
2026/05/17 14:43:55 INFO dnd: armed ability fired (turn-based build) user=@sim:cleric-l12-underdark-5 ability="Healing Word"
2026/05/17 14:43:55 WARN auto-heal cleanup: short on inventory user=@sim:cleric-l12-underdark-5 wanted=1 removed=0
2026/05/17 14:43:55 INFO database initialized path=/tmp/expedition-sim-1260755451/gogobee.db
2026/05/17 14:43:55 WARN auto-heal cleanup: short on inventory user=@sim:cleric-l12-underdark-5 wanted=1 removed=0
2026/05/17 14:43:55 INFO database initialized path=/tmp/expedition-sim-974084076/gogobee.db
2026/05/17 14:43:55 INFO database initialized path=/tmp/expedition-sim-2721135246/gogobee.db
2026/05/17 14:43:55 INFO dnd: armed ability fired (turn-based build) user=@sim:cleric-l12-manor_blackspire-4 ability="Healing Word"
2026/05/17 14:43:55 INFO dnd: armed ability fired (turn-based build) user=@sim:cleric-l12-manor_blackspire-4 ability="Healing Word"
2026/05/17 14:43:55 WARN auto-heal cleanup: short on inventory user=@sim:cleric-l12-manor_blackspire-4 wanted=1 removed=0
2026/05/17 14:43:55 INFO dnd: armed ability fired (turn-based build) user=@sim:cleric-l12-manor_blackspire-4 ability="Healing Word"
2026/05/17 14:43:55 WARN auto-heal cleanup: short on inventory user=@sim:cleric-l12-manor_blackspire-4 wanted=1 removed=0
2026/05/17 14:43:55 WARN auto-heal cleanup: short on inventory user=@sim:cleric-l12-manor_blackspire-4 wanted=1 removed=0
2026/05/17 14:43:55 WARN auto-heal cleanup: short on inventory user=@sim:cleric-l12-manor_blackspire-4 wanted=1 removed=0
2026/05/17 14:43:55 WARN auto-heal cleanup: short on inventory user=@sim:cleric-l12-manor_blackspire-4 wanted=1 removed=0
2026/05/17 14:43:55 WARN auto-heal cleanup: short on inventory user=@sim:cleric-l12-manor_blackspire-4 wanted=1 removed=0
2026/05/17 14:43:55 INFO database initialized path=/tmp/expedition-sim-1048519529/gogobee.db
2026/05/17 14:43:55 INFO database initialized path=/tmp/expedition-sim-1682387304/gogobee.db
2026/05/17 14:43:55 INFO database initialized path=/tmp/expedition-sim-657608895/gogobee.db
2026/05/17 14:43:55 INFO database initialized path=/tmp/expedition-sim-1564107756/gogobee.db
2026/05/17 14:43:55 INFO database initialized path=/tmp/expedition-sim-3063072436/gogobee.db
2026/05/17 14:43:55 INFO dnd: armed ability fired (turn-based build) user=@sim:cleric-l12-underdark-6 ability="Healing Word"
2026/05/17 14:43:55 INFO dnd: armed ability fired (turn-based build) user=@sim:cleric-l12-underdark-6 ability="Healing Word"
2026/05/17 14:43:55 INFO database initialized path=/tmp/expedition-sim-3622268633/gogobee.db
2026/05/17 14:43:55 INFO database initialized path=/tmp/expedition-sim-1467797736/gogobee.db
2026/05/17 14:43:55 INFO dnd: armed ability fired (turn-based build) user=@sim:cleric-l12-underdark-6 ability="Healing Word"
2026/05/17 14:43:55 WARN auto-heal cleanup: short on inventory user=@sim:cleric-l12-underdark-6 wanted=1 removed=0
2026/05/17 14:43:55 INFO database initialized path=/tmp/expedition-sim-2232860775/gogobee.db
2026/05/17 14:43:55 INFO database initialized path=/tmp/expedition-sim-2627481174/gogobee.db
2026/05/17 14:43:55 INFO database initialized path=/tmp/expedition-sim-2390666327/gogobee.db
2026/05/17 14:43:55 INFO dnd: armed ability fired (turn-based build) user=@sim:cleric-l12-manor_blackspire-5 ability="Healing Word"
2026/05/17 14:43:55 INFO dnd: armed ability fired (turn-based build) user=@sim:cleric-l12-manor_blackspire-5 ability="Healing Word"
2026/05/17 14:43:55 INFO dnd: armed ability fired (turn-based build) user=@sim:cleric-l12-manor_blackspire-5 ability="Healing Word"
2026/05/17 14:43:55 INFO database initialized path=/tmp/expedition-sim-1914770656/gogobee.db
2026/05/17 14:43:55 INFO database initialized path=/tmp/expedition-sim-2824103805/gogobee.db
2026/05/17 14:43:55 INFO database initialized path=/tmp/expedition-sim-95110996/gogobee.db
2026/05/17 14:43:55 INFO database initialized path=/tmp/expedition-sim-2829759744/gogobee.db
2026/05/17 14:43:55 INFO database initialized path=/tmp/expedition-sim-1001150422/gogobee.db
2026/05/17 14:43:55 INFO database initialized path=/tmp/expedition-sim-929451847/gogobee.db
2026/05/17 14:43:55 INFO dnd: armed ability fired (turn-based build) user=@sim:cleric-l12-underdark-7 ability="Healing Word"
2026/05/17 14:43:55 INFO dnd: armed ability fired (turn-based build) user=@sim:cleric-l12-underdark-7 ability="Healing Word"
2026/05/17 14:43:55 INFO dnd: armed ability fired (turn-based build) user=@sim:cleric-l12-underdark-7 ability="Healing Word"
2026/05/17 14:43:55 WARN auto-heal cleanup: short on inventory user=@sim:cleric-l12-underdark-7 wanted=1 removed=0
2026/05/17 14:43:55 INFO database initialized path=/tmp/expedition-sim-3436574612/gogobee.db
2026/05/17 14:43:55 INFO database initialized path=/tmp/expedition-sim-2958798854/gogobee.db
2026/05/17 14:43:55 INFO database initialized path=/tmp/expedition-sim-2592630111/gogobee.db
2026/05/17 14:43:56 INFO database initialized path=/tmp/expedition-sim-31480089/gogobee.db
2026/05/17 14:43:56 INFO database initialized path=/tmp/expedition-sim-2243703025/gogobee.db
2026/05/17 14:43:56 INFO dnd: armed ability fired (turn-based build) user=@sim:cleric-l12-manor_blackspire-6 ability="Healing Word"
2026/05/17 14:43:56 INFO dnd: armed ability fired (turn-based build) user=@sim:cleric-l12-manor_blackspire-6 ability="Healing Word"
2026/05/17 14:43:56 INFO dnd: armed ability fired (turn-based build) user=@sim:cleric-l12-manor_blackspire-6 ability="Healing Word"
2026/05/17 14:43:56 INFO database initialized path=/tmp/expedition-sim-2613244335/gogobee.db
2026/05/17 14:43:56 INFO database initialized path=/tmp/expedition-sim-395237346/gogobee.db
2026/05/17 14:43:56 INFO database initialized path=/tmp/expedition-sim-3326655556/gogobee.db
2026/05/17 14:43:56 INFO database initialized path=/tmp/expedition-sim-1845800138/gogobee.db
2026/05/17 14:43:56 INFO dnd: armed ability fired (turn-based build) user=@sim:cleric-l12-underdark-8 ability="Healing Word"
2026/05/17 14:43:56 INFO dnd: armed ability fired (turn-based build) user=@sim:cleric-l12-underdark-8 ability="Healing Word"
2026/05/17 14:43:56 INFO dnd: armed ability fired (turn-based build) user=@sim:cleric-l12-underdark-8 ability="Healing Word"
2026/05/17 14:43:56 INFO database initialized path=/tmp/expedition-sim-2772701177/gogobee.db
2026/05/17 14:43:56 INFO database initialized path=/tmp/expedition-sim-3972849183/gogobee.db
2026/05/17 14:43:56 INFO database initialized path=/tmp/expedition-sim-3672392659/gogobee.db
2026/05/17 14:43:56 INFO database initialized path=/tmp/expedition-sim-313329452/gogobee.db
2026/05/17 14:43:56 INFO database initialized path=/tmp/expedition-sim-586346631/gogobee.db
2026/05/17 14:43:56 INFO database initialized path=/tmp/expedition-sim-2765126792/gogobee.db
2026/05/17 14:43:56 INFO database initialized path=/tmp/expedition-sim-1436131991/gogobee.db
2026/05/17 14:43:56 INFO dnd: armed ability fired (turn-based build) user=@sim:cleric-l12-manor_blackspire-7 ability="Healing Word"
2026/05/17 14:43:56 INFO database initialized path=/tmp/expedition-sim-341586518/gogobee.db
2026/05/17 14:43:56 INFO dnd: armed ability fired (turn-based build) user=@sim:cleric-l12-manor_blackspire-7 ability="Healing Word"
2026/05/17 14:43:56 INFO dnd: armed ability fired (turn-based build) user=@sim:cleric-l12-manor_blackspire-7 ability="Healing Word"
2026/05/17 14:43:56 INFO database initialized path=/tmp/expedition-sim-195889630/gogobee.db
2026/05/17 14:43:56 INFO database initialized path=/tmp/expedition-sim-1979402690/gogobee.db
2026/05/17 14:43:56 INFO database initialized path=/tmp/expedition-sim-1419244121/gogobee.db
2026/05/17 14:43:56 INFO dnd: armed ability fired (turn-based build) user=@sim:cleric-l12-underdark-9 ability="Healing Word"
2026/05/17 14:43:56 INFO dnd: armed ability fired (turn-based build) user=@sim:cleric-l12-underdark-9 ability="Healing Word"
2026/05/17 14:43:56 INFO database initialized path=/tmp/expedition-sim-197539845/gogobee.db
2026/05/17 14:43:56 INFO dnd: armed ability fired (turn-based build) user=@sim:cleric-l12-underdark-9 ability="Healing Word"
2026/05/17 14:43:56 INFO database initialized path=/tmp/expedition-sim-4032773905/gogobee.db
2026/05/17 14:43:56 INFO database initialized path=/tmp/expedition-sim-3701142355/gogobee.db
2026/05/17 14:43:56 WARN auto-heal cleanup: short on inventory user=@sim:cleric-l12-underdark-9 wanted=1 removed=0
2026/05/17 14:43:56 WARN auto-heal cleanup: short on inventory user=@sim:cleric-l12-underdark-9 wanted=1 removed=0
2026/05/17 14:43:56 WARN auto-heal cleanup: short on inventory user=@sim:cleric-l12-underdark-9 wanted=1 removed=0
2026/05/17 14:43:56 INFO database initialized path=/tmp/expedition-sim-3902897193/gogobee.db
2026/05/17 14:43:56 INFO database initialized path=/tmp/expedition-sim-808797586/gogobee.db
2026/05/17 14:43:56 INFO database initialized path=/tmp/expedition-sim-4136221636/gogobee.db
2026/05/17 14:43:56 INFO database initialized path=/tmp/expedition-sim-1986950995/gogobee.db
2026/05/17 14:43:56 INFO dnd: armed ability fired (turn-based build) user=@sim:cleric-l12-manor_blackspire-8 ability="Healing Word"
2026/05/17 14:43:56 INFO dnd: armed ability fired (turn-based build) user=@sim:cleric-l12-manor_blackspire-8 ability="Healing Word"
2026/05/17 14:43:56 WARN auto-heal cleanup: short on inventory user=@sim:cleric-l12-manor_blackspire-8 wanted=1 removed=0
2026/05/17 14:43:56 INFO database initialized path=/tmp/expedition-sim-1859825555/gogobee.db
2026/05/17 14:43:56 INFO dnd: armed ability fired (turn-based build) user=@sim:cleric-l12-manor_blackspire-8 ability="Healing Word"
2026/05/17 14:43:56 WARN auto-heal cleanup: short on inventory user=@sim:cleric-l12-manor_blackspire-8 wanted=1 removed=0
2026/05/17 14:43:56 WARN auto-heal cleanup: short on inventory user=@sim:cleric-l12-manor_blackspire-8 wanted=1 removed=0
2026/05/17 14:43:56 WARN auto-heal cleanup: short on inventory user=@sim:cleric-l12-manor_blackspire-8 wanted=1 removed=0
2026/05/17 14:43:56 WARN auto-heal cleanup: short on inventory user=@sim:cleric-l12-manor_blackspire-8 wanted=1 removed=0
2026/05/17 14:43:56 WARN auto-heal cleanup: short on inventory user=@sim:cleric-l12-manor_blackspire-8 wanted=1 removed=0
2026/05/17 14:43:56 WARN auto-heal cleanup: short on inventory user=@sim:cleric-l12-manor_blackspire-8 wanted=1 removed=0
2026/05/17 14:43:56 INFO database initialized path=/tmp/expedition-sim-2946961527/gogobee.db
2026/05/17 14:43:56 INFO database initialized path=/tmp/expedition-sim-2429531262/gogobee.db
2026/05/17 14:43:56 INFO dnd: armed ability fired (turn-based build) user=@sim:cleric-l12-underdark-10 ability="Healing Word"
2026/05/17 14:43:56 INFO dnd: armed ability fired (turn-based build) user=@sim:cleric-l12-underdark-10 ability="Healing Word"
2026/05/17 14:43:56 INFO dnd: armed ability fired (turn-based build) user=@sim:cleric-l12-underdark-10 ability="Healing Word"
2026/05/17 14:43:56 INFO database initialized path=/tmp/expedition-sim-3262540763/gogobee.db
2026/05/17 14:43:56 INFO database initialized path=/tmp/expedition-sim-406280733/gogobee.db
2026/05/17 14:43:56 INFO database initialized path=/tmp/expedition-sim-4121783865/gogobee.db
2026/05/17 14:43:56 INFO database initialized path=/tmp/expedition-sim-3886271696/gogobee.db
2026/05/17 14:43:56 INFO database initialized path=/tmp/expedition-sim-755937194/gogobee.db
2026/05/17 14:43:56 INFO database initialized path=/tmp/expedition-sim-2787117412/gogobee.db
2026/05/17 14:43:56 INFO dnd: armed ability fired (turn-based build) user=@sim:cleric-l12-manor_blackspire-9 ability="Healing Word"
2026/05/17 14:43:56 INFO dnd: armed ability fired (turn-based build) user=@sim:cleric-l12-manor_blackspire-9 ability="Healing Word"
2026/05/17 14:43:56 INFO dnd: armed ability fired (turn-based build) user=@sim:cleric-l12-manor_blackspire-9 ability="Healing Word"
2026/05/17 14:43:56 INFO database initialized path=/tmp/expedition-sim-1277058289/gogobee.db
2026/05/17 14:43:56 INFO database initialized path=/tmp/expedition-sim-4186523944/gogobee.db
2026/05/17 14:43:56 INFO database initialized path=/tmp/expedition-sim-3400700333/gogobee.db
2026/05/17 14:43:56 INFO dnd: armed ability fired (turn-based build) user=@sim:cleric-l12-underdark-11 ability="Healing Word"
2026/05/17 14:43:56 INFO dnd: armed ability fired (turn-based build) user=@sim:cleric-l12-underdark-11 ability="Healing Word"
2026/05/17 14:43:56 INFO dnd: armed ability fired (turn-based build) user=@sim:cleric-l12-underdark-11 ability="Healing Word"
2026/05/17 14:43:56 INFO database initialized path=/tmp/expedition-sim-2057624917/gogobee.db
2026/05/17 14:43:56 WARN auto-heal cleanup: short on inventory user=@sim:cleric-l12-underdark-11 wanted=1 removed=0
2026/05/17 14:43:56 INFO database initialized path=/tmp/expedition-sim-893758964/gogobee.db
2026/05/17 14:43:56 INFO database initialized path=/tmp/expedition-sim-2865260923/gogobee.db
2026/05/17 14:43:56 INFO database initialized path=/tmp/expedition-sim-893271695/gogobee.db
2026/05/17 14:43:56 INFO database initialized path=/tmp/expedition-sim-1834209609/gogobee.db
2026/05/17 14:43:56 INFO database initialized path=/tmp/expedition-sim-259340017/gogobee.db
2026/05/17 14:43:56 INFO database initialized path=/tmp/expedition-sim-443152924/gogobee.db
2026/05/17 14:43:56 INFO database initialized path=/tmp/expedition-sim-534798107/gogobee.db
2026/05/17 14:43:57 INFO dnd: armed ability fired (turn-based build) user=@sim:cleric-l12-underdark-12 ability="Healing Word"
2026/05/17 14:43:57 INFO dnd: armed ability fired (turn-based build) user=@sim:cleric-l12-underdark-12 ability="Healing Word"
2026/05/17 14:43:57 INFO dnd: armed ability fired (turn-based build) user=@sim:cleric-l12-underdark-12 ability="Healing Word"
2026/05/17 14:43:57 INFO database initialized path=/tmp/expedition-sim-1492944299/gogobee.db
2026/05/17 14:43:57 INFO dnd: armed ability fired (turn-based build) user=@sim:cleric-l12-manor_blackspire-10 ability="Healing Word"
2026/05/17 14:43:57 INFO dnd: armed ability fired (turn-based build) user=@sim:cleric-l12-manor_blackspire-10 ability="Healing Word"
2026/05/17 14:43:57 INFO dnd: armed ability fired (turn-based build) user=@sim:cleric-l12-manor_blackspire-10 ability="Healing Word"
2026/05/17 14:43:57 INFO database initialized path=/tmp/expedition-sim-1329640727/gogobee.db
2026/05/17 14:43:57 INFO database initialized path=/tmp/expedition-sim-3510807036/gogobee.db
2026/05/17 14:43:57 INFO database initialized path=/tmp/expedition-sim-1677312784/gogobee.db
2026/05/17 14:43:57 INFO database initialized path=/tmp/expedition-sim-2967123722/gogobee.db
2026/05/17 14:43:57 INFO database initialized path=/tmp/expedition-sim-3955369742/gogobee.db
2026/05/17 14:43:57 INFO database initialized path=/tmp/expedition-sim-1638843092/gogobee.db
2026/05/17 14:43:57 INFO database initialized path=/tmp/expedition-sim-3971836417/gogobee.db
2026/05/17 14:43:57 INFO database initialized path=/tmp/expedition-sim-1265464193/gogobee.db
2026/05/17 14:43:57 INFO database initialized path=/tmp/expedition-sim-2557575696/gogobee.db
2026/05/17 14:43:57 INFO database initialized path=/tmp/expedition-sim-4287591977/gogobee.db
2026/05/17 14:43:57 INFO database initialized path=/tmp/expedition-sim-2698331497/gogobee.db
2026/05/17 14:43:57 INFO dnd: armed ability fired (turn-based build) user=@sim:cleric-l12-underdark-13 ability="Healing Word"
2026/05/17 14:43:57 INFO dnd: armed ability fired (turn-based build) user=@sim:cleric-l12-underdark-13 ability="Healing Word"
2026/05/17 14:43:57 INFO dnd: armed ability fired (turn-based build) user=@sim:cleric-l12-underdark-13 ability="Healing Word"
2026/05/17 14:43:57 INFO database initialized path=/tmp/expedition-sim-2910676030/gogobee.db
2026/05/17 14:43:57 INFO database initialized path=/tmp/expedition-sim-1627295865/gogobee.db
2026/05/17 14:43:57 INFO database initialized path=/tmp/expedition-sim-3781791468/gogobee.db
2026/05/17 14:43:57 INFO database initialized path=/tmp/expedition-sim-1091889186/gogobee.db
2026/05/17 14:43:57 INFO dnd: armed ability fired (turn-based build) user=@sim:cleric-l12-manor_blackspire-11 ability="Healing Word"
2026/05/17 14:43:57 INFO dnd: armed ability fired (turn-based build) user=@sim:cleric-l12-manor_blackspire-11 ability="Healing Word"
2026/05/17 14:43:57 INFO dnd: armed ability fired (turn-based build) user=@sim:cleric-l12-manor_blackspire-11 ability="Healing Word"
2026/05/17 14:43:57 INFO database initialized path=/tmp/expedition-sim-1848832537/gogobee.db
2026/05/17 14:43:57 INFO database initialized path=/tmp/expedition-sim-1083592695/gogobee.db
2026/05/17 14:43:57 INFO database initialized path=/tmp/expedition-sim-3484468071/gogobee.db
2026/05/17 14:43:57 INFO database initialized path=/tmp/expedition-sim-223486995/gogobee.db
2026/05/17 14:43:57 INFO database initialized path=/tmp/expedition-sim-2518075308/gogobee.db
2026/05/17 14:43:57 INFO dnd: armed ability fired (turn-based build) user=@sim:cleric-l12-underdark-14 ability="Healing Word"
2026/05/17 14:43:57 INFO dnd: armed ability fired (turn-based build) user=@sim:cleric-l12-underdark-14 ability="Healing Word"
2026/05/17 14:43:57 INFO database initialized path=/tmp/expedition-sim-3752040653/gogobee.db
2026/05/17 14:43:57 INFO dnd: armed ability fired (turn-based build) user=@sim:cleric-l12-underdark-14 ability="Healing Word"
2026/05/17 14:43:57 WARN auto-heal cleanup: short on inventory user=@sim:cleric-l12-underdark-14 wanted=1 removed=0
2026/05/17 14:43:57 WARN auto-heal cleanup: short on inventory user=@sim:cleric-l12-underdark-14 wanted=1 removed=0
2026/05/17 14:43:57 WARN auto-heal cleanup: short on inventory user=@sim:cleric-l12-underdark-14 wanted=1 removed=0
2026/05/17 14:43:57 WARN auto-heal cleanup: short on inventory user=@sim:cleric-l12-underdark-14 wanted=1 removed=0
2026/05/17 14:43:57 INFO database initialized path=/tmp/expedition-sim-3390344411/gogobee.db
2026/05/17 14:43:57 INFO database initialized path=/tmp/expedition-sim-150176521/gogobee.db
2026/05/17 14:43:57 INFO database initialized path=/tmp/expedition-sim-3536451781/gogobee.db
2026/05/17 14:43:57 INFO dnd: armed ability fired (turn-based build) user=@sim:cleric-l12-manor_blackspire-12 ability="Healing Word"
2026/05/17 14:43:57 INFO dnd: armed ability fired (turn-based build) user=@sim:cleric-l12-manor_blackspire-12 ability="Healing Word"
2026/05/17 14:43:57 INFO dnd: armed ability fired (turn-based build) user=@sim:cleric-l12-manor_blackspire-12 ability="Healing Word"
2026/05/17 14:43:57 INFO database initialized path=/tmp/expedition-sim-3886065500/gogobee.db
2026/05/17 14:43:57 INFO database initialized path=/tmp/expedition-sim-1109050757/gogobee.db
2026/05/17 14:43:57 INFO database initialized path=/tmp/expedition-sim-4152157644/gogobee.db
2026/05/17 14:43:57 INFO database initialized path=/tmp/expedition-sim-4170366951/gogobee.db
2026/05/17 14:43:57 INFO database initialized path=/tmp/expedition-sim-2833450096/gogobee.db
2026/05/17 14:43:57 INFO dnd: armed ability fired (turn-based build) user=@sim:cleric-l12-underdark-15 ability="Healing Word"
2026/05/17 14:43:57 INFO database initialized path=/tmp/expedition-sim-1445222612/gogobee.db
2026/05/17 14:43:57 INFO dnd: armed ability fired (turn-based build) user=@sim:cleric-l12-underdark-15 ability="Healing Word"
2026/05/17 14:43:57 INFO dnd: armed ability fired (turn-based build) user=@sim:cleric-l12-underdark-15 ability="Healing Word"
2026/05/17 14:43:57 INFO database initialized path=/tmp/expedition-sim-3602208598/gogobee.db
2026/05/17 14:43:57 INFO database initialized path=/tmp/expedition-sim-1802403687/gogobee.db
2026/05/17 14:43:57 WARN auto-heal cleanup: short on inventory user=@sim:cleric-l12-underdark-15 wanted=1 removed=0
2026/05/17 14:43:57 WARN auto-heal cleanup: short on inventory user=@sim:cleric-l12-underdark-15 wanted=1 removed=0
2026/05/17 14:43:57 INFO database initialized path=/tmp/expedition-sim-464538117/gogobee.db
2026/05/17 14:43:57 INFO database initialized path=/tmp/expedition-sim-591307153/gogobee.db
2026/05/17 14:43:57 INFO database initialized path=/tmp/expedition-sim-1657565653/gogobee.db
2026/05/17 14:43:57 INFO database initialized path=/tmp/expedition-sim-1067707991/gogobee.db
2026/05/17 14:43:57 INFO dnd: armed ability fired (turn-based build) user=@sim:cleric-l12-manor_blackspire-13 ability="Healing Word"
2026/05/17 14:43:57 INFO dnd: armed ability fired (turn-based build) user=@sim:cleric-l12-manor_blackspire-13 ability="Healing Word"
2026/05/17 14:43:57 INFO dnd: armed ability fired (turn-based build) user=@sim:cleric-l12-manor_blackspire-13 ability="Healing Word"
2026/05/17 14:43:57 INFO database initialized path=/tmp/expedition-sim-1130536036/gogobee.db
2026/05/17 14:43:57 INFO database initialized path=/tmp/expedition-sim-555324116/gogobee.db
2026/05/17 14:43:57 INFO database initialized path=/tmp/expedition-sim-979982115/gogobee.db
2026/05/17 14:43:57 INFO database initialized path=/tmp/expedition-sim-564817425/gogobee.db
2026/05/17 14:43:57 INFO database initialized path=/tmp/expedition-sim-1918459856/gogobee.db
2026/05/17 14:43:57 INFO dnd: armed ability fired (turn-based build) user=@sim:cleric-l12-underdark-16 ability="Healing Word"
2026/05/17 14:43:57 INFO database initialized path=/tmp/expedition-sim-2353824581/gogobee.db
2026/05/17 14:43:57 INFO dnd: armed ability fired (turn-based build) user=@sim:cleric-l12-underdark-16 ability="Healing Word"
2026/05/17 14:43:57 INFO dnd: armed ability fired (turn-based build) user=@sim:cleric-l12-underdark-16 ability="Healing Word"
2026/05/17 14:43:57 INFO database initialized path=/tmp/expedition-sim-1599178712/gogobee.db
2026/05/17 14:43:57 WARN auto-heal cleanup: short on inventory user=@sim:cleric-l12-underdark-16 wanted=1 removed=0
2026/05/17 14:43:57 INFO database initialized path=/tmp/expedition-sim-2711333189/gogobee.db
2026/05/17 14:43:58 INFO database initialized path=/tmp/expedition-sim-3845334846/gogobee.db
2026/05/17 14:43:58 INFO database initialized path=/tmp/expedition-sim-1943741524/gogobee.db
2026/05/17 14:43:58 INFO dnd: armed ability fired (turn-based build) user=@sim:cleric-l12-manor_blackspire-14 ability="Healing Word"
2026/05/17 14:43:58 INFO dnd: armed ability fired (turn-based build) user=@sim:cleric-l12-manor_blackspire-14 ability="Healing Word"
2026/05/17 14:43:58 INFO dnd: armed ability fired (turn-based build) user=@sim:cleric-l12-manor_blackspire-14 ability="Healing Word"
2026/05/17 14:43:58 INFO database initialized path=/tmp/expedition-sim-3108660236/gogobee.db
2026/05/17 14:43:58 INFO database initialized path=/tmp/expedition-sim-4121050120/gogobee.db
2026/05/17 14:43:58 INFO database initialized path=/tmp/expedition-sim-2311303713/gogobee.db
2026/05/17 14:43:58 INFO database initialized path=/tmp/expedition-sim-106280646/gogobee.db
2026/05/17 14:43:58 INFO database initialized path=/tmp/expedition-sim-1575016660/gogobee.db
2026/05/17 14:43:58 INFO dnd: armed ability fired (turn-based build) user=@sim:cleric-l12-underdark-17 ability="Healing Word"
2026/05/17 14:43:58 INFO database initialized path=/tmp/expedition-sim-2656288065/gogobee.db
2026/05/17 14:43:58 INFO dnd: armed ability fired (turn-based build) user=@sim:cleric-l12-underdark-17 ability="Healing Word"
2026/05/17 14:43:58 INFO dnd: armed ability fired (turn-based build) user=@sim:cleric-l12-underdark-17 ability="Healing Word"
2026/05/17 14:43:58 INFO database initialized path=/tmp/expedition-sim-719488742/gogobee.db
2026/05/17 14:43:58 INFO database initialized path=/tmp/expedition-sim-1262298393/gogobee.db
2026/05/17 14:43:58 INFO database initialized path=/tmp/expedition-sim-2481790746/gogobee.db
2026/05/17 14:43:58 INFO database initialized path=/tmp/expedition-sim-2256556235/gogobee.db
2026/05/17 14:43:58 INFO database initialized path=/tmp/expedition-sim-2013936558/gogobee.db
2026/05/17 14:43:58 INFO dnd: armed ability fired (turn-based build) user=@sim:cleric-l12-manor_blackspire-15 ability="Healing Word"
2026/05/17 14:43:58 INFO database initialized path=/tmp/expedition-sim-4204714177/gogobee.db
2026/05/17 14:43:58 INFO dnd: armed ability fired (turn-based build) user=@sim:cleric-l12-manor_blackspire-15 ability="Healing Word"
2026/05/17 14:43:58 WARN auto-heal cleanup: short on inventory user=@sim:cleric-l12-manor_blackspire-15 wanted=1 removed=0
2026/05/17 14:43:58 INFO dnd: armed ability fired (turn-based build) user=@sim:cleric-l12-manor_blackspire-15 ability="Healing Word"
2026/05/17 14:43:58 WARN auto-heal cleanup: short on inventory user=@sim:cleric-l12-manor_blackspire-15 wanted=1 removed=0
2026/05/17 14:43:58 WARN auto-heal cleanup: short on inventory user=@sim:cleric-l12-manor_blackspire-15 wanted=1 removed=0
2026/05/17 14:43:58 WARN auto-heal cleanup: short on inventory user=@sim:cleric-l12-manor_blackspire-15 wanted=1 removed=0
2026/05/17 14:43:58 WARN auto-heal cleanup: short on inventory user=@sim:cleric-l12-manor_blackspire-15 wanted=1 removed=0
2026/05/17 14:43:58 WARN auto-heal cleanup: short on inventory user=@sim:cleric-l12-manor_blackspire-15 wanted=1 removed=0
2026/05/17 14:43:58 WARN auto-heal cleanup: short on inventory user=@sim:cleric-l12-manor_blackspire-15 wanted=1 removed=0
2026/05/17 14:43:58 INFO database initialized path=/tmp/expedition-sim-2304427836/gogobee.db
2026/05/17 14:43:58 INFO database initialized path=/tmp/expedition-sim-1363285098/gogobee.db
2026/05/17 14:43:58 INFO database initialized path=/tmp/expedition-sim-1907634492/gogobee.db
2026/05/17 14:43:58 INFO database initialized path=/tmp/expedition-sim-2542100338/gogobee.db
2026/05/17 14:43:58 INFO dnd: armed ability fired (turn-based build) user=@sim:cleric-l12-underdark-18 ability="Healing Word"
2026/05/17 14:43:58 INFO database initialized path=/tmp/expedition-sim-2279242167/gogobee.db
2026/05/17 14:43:58 INFO database initialized path=/tmp/expedition-sim-487534128/gogobee.db
2026/05/17 14:43:58 INFO dnd: armed ability fired (turn-based build) user=@sim:cleric-l12-underdark-18 ability="Healing Word"
2026/05/17 14:43:58 INFO dnd: armed ability fired (turn-based build) user=@sim:cleric-l12-underdark-18 ability="Healing Word"
2026/05/17 14:43:58 WARN auto-heal cleanup: short on inventory user=@sim:cleric-l12-underdark-18 wanted=1 removed=0
2026/05/17 14:43:58 INFO database initialized path=/tmp/expedition-sim-3871894932/gogobee.db
2026/05/17 14:43:58 INFO database initialized path=/tmp/expedition-sim-3809454218/gogobee.db
2026/05/17 14:43:58 INFO database initialized path=/tmp/expedition-sim-3398006598/gogobee.db
2026/05/17 14:43:58 INFO database initialized path=/tmp/expedition-sim-4239387458/gogobee.db
2026/05/17 14:43:58 INFO dnd: armed ability fired (turn-based build) user=@sim:cleric-l12-manor_blackspire-16 ability="Healing Word"
2026/05/17 14:43:58 INFO database initialized path=/tmp/expedition-sim-3581761743/gogobee.db
2026/05/17 14:43:58 INFO dnd: armed ability fired (turn-based build) user=@sim:cleric-l12-manor_blackspire-16 ability="Healing Word"
2026/05/17 14:43:58 INFO dnd: armed ability fired (turn-based build) user=@sim:cleric-l12-manor_blackspire-16 ability="Healing Word"
2026/05/17 14:43:58 INFO database initialized path=/tmp/expedition-sim-3490615026/gogobee.db
2026/05/17 14:43:58 INFO database initialized path=/tmp/expedition-sim-2753050590/gogobee.db
2026/05/17 14:43:58 INFO database initialized path=/tmp/expedition-sim-886249041/gogobee.db
2026/05/17 14:43:58 INFO database initialized path=/tmp/expedition-sim-3732143829/gogobee.db
2026/05/17 14:43:58 INFO dnd: armed ability fired (turn-based build) user=@sim:cleric-l12-underdark-19 ability="Healing Word"
2026/05/17 14:43:58 INFO dnd: armed ability fired (turn-based build) user=@sim:cleric-l12-underdark-19 ability="Healing Word"
2026/05/17 14:43:58 INFO dnd: armed ability fired (turn-based build) user=@sim:cleric-l12-underdark-19 ability="Healing Word"
2026/05/17 14:43:58 INFO database initialized path=/tmp/expedition-sim-1506959/gogobee.db
2026/05/17 14:43:58 INFO database initialized path=/tmp/expedition-sim-1569482860/gogobee.db
2026/05/17 14:43:58 INFO database initialized path=/tmp/expedition-sim-1104745961/gogobee.db
2026/05/17 14:43:58 INFO database initialized path=/tmp/expedition-sim-1619123479/gogobee.db
2026/05/17 14:43:58 INFO database initialized path=/tmp/expedition-sim-1516630739/gogobee.db
2026/05/17 14:43:58 INFO database initialized path=/tmp/expedition-sim-1113187191/gogobee.db
2026/05/17 14:43:58 INFO dnd: armed ability fired (turn-based build) user=@sim:cleric-l12-manor_blackspire-17 ability="Healing Word"
2026/05/17 14:43:58 INFO database initialized path=/tmp/expedition-sim-1860557687/gogobee.db
2026/05/17 14:43:58 INFO dnd: armed ability fired (turn-based build) user=@sim:cleric-l12-manor_blackspire-17 ability="Healing Word"
2026/05/17 14:43:58 INFO dnd: armed ability fired (turn-based build) user=@sim:cleric-l12-manor_blackspire-17 ability="Healing Word"
2026/05/17 14:43:58 INFO database initialized path=/tmp/expedition-sim-189211669/gogobee.db
2026/05/17 14:43:58 INFO database initialized path=/tmp/expedition-sim-2904984255/gogobee.db
2026/05/17 14:43:58 INFO database initialized path=/tmp/expedition-sim-1696777558/gogobee.db
2026/05/17 14:43:58 INFO database initialized path=/tmp/expedition-sim-2383322429/gogobee.db
2026/05/17 14:43:58 INFO database initialized path=/tmp/expedition-sim-910046284/gogobee.db
2026/05/17 14:43:58 INFO database initialized path=/tmp/expedition-sim-3952079025/gogobee.db
2026/05/17 14:43:58 INFO database initialized path=/tmp/expedition-sim-260516460/gogobee.db
2026/05/17 14:43:58 INFO database initialized path=/tmp/expedition-sim-4221126017/gogobee.db
2026/05/17 14:43:58 INFO dnd: armed ability fired (turn-based build) user=@sim:cleric-l12-manor_blackspire-18 ability="Healing Word"
2026/05/17 14:43:58 INFO dnd: armed ability fired (turn-based build) user=@sim:cleric-l12-manor_blackspire-18 ability="Healing Word"
2026/05/17 14:43:58 INFO dnd: armed ability fired (turn-based build) user=@sim:cleric-l12-manor_blackspire-18 ability="Healing Word"
2026/05/17 14:43:58 INFO database initialized path=/tmp/expedition-sim-3199452696/gogobee.db
2026/05/17 14:43:58 INFO database initialized path=/tmp/expedition-sim-401258720/gogobee.db
2026/05/17 14:43:58 INFO database initialized path=/tmp/expedition-sim-3635517879/gogobee.db
2026/05/17 14:43:59 INFO database initialized path=/tmp/expedition-sim-1840100184/gogobee.db
2026/05/17 14:43:59 INFO database initialized path=/tmp/expedition-sim-3744271099/gogobee.db
2026/05/17 14:43:59 INFO database initialized path=/tmp/expedition-sim-2513846601/gogobee.db
2026/05/17 14:43:59 INFO database initialized path=/tmp/expedition-sim-4136361311/gogobee.db
2026/05/17 14:43:59 INFO database initialized path=/tmp/expedition-sim-2024110754/gogobee.db
2026/05/17 14:43:59 INFO database initialized path=/tmp/expedition-sim-3010651090/gogobee.db
2026/05/17 14:43:59 INFO database initialized path=/tmp/expedition-sim-3550751545/gogobee.db
2026/05/17 14:43:59 INFO database initialized path=/tmp/expedition-sim-4130428632/gogobee.db
2026/05/17 14:43:59 INFO database initialized path=/tmp/expedition-sim-1514264878/gogobee.db
2026/05/17 14:43:59 INFO dnd: armed ability fired (turn-based build) user=@sim:cleric-l12-manor_blackspire-19 ability="Healing Word"
2026/05/17 14:43:59 INFO dnd: armed ability fired (turn-based build) user=@sim:cleric-l12-manor_blackspire-19 ability="Healing Word"
2026/05/17 14:43:59 INFO dnd: armed ability fired (turn-based build) user=@sim:cleric-l12-manor_blackspire-19 ability="Healing Word"
2026/05/17 14:43:59 INFO database initialized path=/tmp/expedition-sim-2880784602/gogobee.db
2026/05/17 14:43:59 INFO database initialized path=/tmp/expedition-sim-4289186554/gogobee.db
2026/05/17 14:43:59 INFO database initialized path=/tmp/expedition-sim-4146683819/gogobee.db
2026/05/17 14:43:59 INFO database initialized path=/tmp/expedition-sim-160060743/gogobee.db
2026/05/17 14:43:59 INFO database initialized path=/tmp/expedition-sim-353707644/gogobee.db
2026/05/17 14:43:59 INFO database initialized path=/tmp/expedition-sim-1636999209/gogobee.db
2026/05/17 14:43:59 INFO database initialized path=/tmp/expedition-sim-3390283268/gogobee.db
2026/05/17 14:43:59 INFO database initialized path=/tmp/expedition-sim-826756018/gogobee.db
2026/05/17 14:43:59 INFO database initialized path=/tmp/expedition-sim-547509131/gogobee.db
2026/05/17 14:43:59 INFO database initialized path=/tmp/expedition-sim-4022639383/gogobee.db
2026/05/17 14:43:59 INFO database initialized path=/tmp/expedition-sim-3551275989/gogobee.db
2026/05/17 14:43:59 INFO database initialized path=/tmp/expedition-sim-1302856577/gogobee.db
2026/05/17 14:43:59 INFO database initialized path=/tmp/expedition-sim-2850236305/gogobee.db
2026/05/17 14:43:59 INFO database initialized path=/tmp/expedition-sim-2113733943/gogobee.db
2026/05/17 14:43:59 INFO database initialized path=/tmp/expedition-sim-2254598562/gogobee.db
2026/05/17 14:43:59 INFO database initialized path=/tmp/expedition-sim-254159564/gogobee.db
2026/05/17 14:43:59 INFO database initialized path=/tmp/expedition-sim-739650239/gogobee.db
2026/05/17 14:43:59 INFO database initialized path=/tmp/expedition-sim-2204564464/gogobee.db
2026/05/17 14:43:59 INFO database initialized path=/tmp/expedition-sim-2356786064/gogobee.db
2026/05/17 14:43:59 INFO database initialized path=/tmp/expedition-sim-2226186626/gogobee.db
2026/05/17 14:43:59 INFO database initialized path=/tmp/expedition-sim-1705628391/gogobee.db
2026/05/17 14:43:59 INFO database initialized path=/tmp/expedition-sim-634290542/gogobee.db
2026/05/17 14:43:59 INFO database initialized path=/tmp/expedition-sim-1269283242/gogobee.db
2026/05/17 14:43:59 INFO database initialized path=/tmp/expedition-sim-3919510895/gogobee.db
2026/05/17 14:43:59 INFO database initialized path=/tmp/expedition-sim-1823197516/gogobee.db
2026/05/17 14:43:59 INFO database initialized path=/tmp/expedition-sim-2557976063/gogobee.db
2026/05/17 14:44:00 INFO database initialized path=/tmp/expedition-sim-357381407/gogobee.db
2026/05/17 14:44:00 INFO database initialized path=/tmp/expedition-sim-53293036/gogobee.db
2026/05/17 14:44:00 INFO database initialized path=/tmp/expedition-sim-1739792480/gogobee.db
2026/05/17 14:44:00 INFO database initialized path=/tmp/expedition-sim-2016742342/gogobee.db
2026/05/17 14:44:00 INFO database initialized path=/tmp/expedition-sim-1658638379/gogobee.db
2026/05/17 14:44:00 INFO database initialized path=/tmp/expedition-sim-139478709/gogobee.db
